.\venv\Scripts\python.exe : C:\Users\wilme\Documents\WILL\ANTIG
RAVITY-IA\BotForget\BotForge\backend\venv\Lib\site-packages\pyt
est_asyncio\plugin.py:207: PytestDeprecationWarning: The 
configuration option "asyncio_default_fixture_loop_scope" is 
unset.
En línea: 1 Carácter: 14
+ ... el test.db; .\venv\Scripts\python.exe -m pytest tests/ 
-v > test_outp ...
+                 
~~~~~~~~~~~~~~~~~~~~~~~~~~~~~~~~~~~~~~~~~~~~~~~~~~~~~~~~~
    + CategoryInfo          : NotSpecified: (C:\Users\wilme\.. 
   .cope" is unset.:String) [], RemoteException
    + FullyQualifiedErrorId : NativeCommandError
 
The event loop scope for asynchronous fixtures will default to 
the fixture caching scope. Future versions of pytest-asyncio 
will default the loop scope for asynchronous fixtures to 
function scope. Set the default fixture loop scope explicitly 
in order to avoid unexpected behavior in the future. Valid 
fixture loop scopes are: "function", "class", "module", 
"package", "session"

  warnings.warn(PytestDeprecationWarning(_DEFAULT_FIXTURE_LOOP_
SCOPE_UNSET))
============================= test session starts =============================
platform win32 -- Python 3.12.10, pytest-8.3.4, pluggy-1.6.0 -- C:\Users\wilme\Documents\WILL\ANTIGRAVITY-IA\BotForget\BotForge\backend\venv\Scripts\python.exe
cachedir: .pytest_cache
rootdir: C:\Users\wilme\Documents\WILL\ANTIGRAVITY-IA\BotForget\BotForge\backend
plugins: anyio-4.12.1, asyncio-0.25.2
asyncio: mode=Mode.STRICT, asyncio_default_fixture_loop_scope=None
collecting ... collected 30 items

tests/services/test_market_data.py::test_fetch_ohlcv_success PASSED      [  3%]
tests/services/test_market_data.py::test_fetch_ohlcv_network_error PASSED [  6%]
tests/services/test_market_data.py::test_fetch_ohlcv_rate_limit_error PASSED [ 10%]
tests/test_auth.py::test_register_success FAILED                         [ 13%]
tests/test_auth.py::test_register_duplicate_email PASSED                 [ 16%]
tests/test_auth.py::test_login_success FAILED                            [ 20%]
tests/test_auth.py::test_login_wrong_password PASSED                     [ 23%]
tests/test_auth.py::test_refresh_token FAILED                            [ 26%]
tests/test_auth.py::test_protected_endpoint_no_auth PASSED               [ 30%]
tests/test_health.py::test_health_check PASSED                           [ 33%]
tests/test_simulation_engine.py::TestMetrics::test_roi_positive PASSED   [ 36%]
tests/test_simulation_engine.py::TestMetrics::test_roi_negative PASSED   [ 40%]
tests/test_simulation_engine.py::TestMetrics::test_roi_zero_capital PASSED [ 43%]
tests/test_simulation_engine.py::TestMetrics::test_sharpe_ratio_basic PASSED [ 46%]
tests/test_simulation_engine.py::TestMetrics::test_sharpe_ratio_insufficient_data PASSED [ 50%]
tests/test_simulation_engine.py::TestMetrics::test_max_drawdown PASSED   [ 53%]
tests/test_simulation_engine.py::TestMetrics::test_win_rate PASSED       [ 56%]
tests/test_simulation_engine.py::TestMetrics::test_win_rate_empty PASSED [ 60%]
tests/test_simulation_engine.py::TestMetrics::test_profit_factor PASSED  [ 63%]
tests/test_simulation_engine.py::TestMetrics::test_profit_factor_no_losses PASSED [ 66%]
tests/test_simulation_engine.py::TestGridSimulation::test_grid_basic PASSED [ 70%]
tests/test_simulation_engine.py::TestGridSimulation::test_grid_invalid_params PASSED [ 73%]
tests/test_simulation_engine.py::TestDCASimulation::test_dca_basic PASSED [ 76%]
tests/test_simulation_engine.py::TestDCASimulation::test_dca_with_take_profit PASSED [ 80%]
tests/test_simulation_engine.py::TestDCASimulation::test_unknown_strategy PASSED [ 83%]
tests/test_simulation_engine.py::TestDCASimulation::test_empty_data FAILED [ 86%]
tests/test_strategies.py::test_create_strategy ERROR                     [ 90%]
tests/test_strategies.py::test_list_strategies ERROR                     [ 93%]
tests/test_strategies.py::test_get_strategy_not_found ERROR              [ 96%]
tests/test_strategies.py::test_delete_strategy ERROR                     [100%]

=================================== ERRORS ====================================
___________________ ERROR at setup of test_create_strategy ____________________

request = <SubRequest 'test_user' for <Coroutine test_create_strategy>>
kwargs = {'db_session': <sqlalchemy.ext.asyncio.session.AsyncSession object at 0x000001B3430D6BD0>}
event_loop_fixture_id = 'event_loop'
setup = <function _wrap_async_fixture.<locals>._async_fixture_wrapper.<locals>.setup at 0x000001B343341260>
context = <_contextvars.Context object at 0x000001B3430C8F80>
setup_task = <Task finished name='Task-141' coro=<_wrap_async_fixture.<locals>._async_fixture_wrapper.<locals>.setup() done, define...xception=ValueError('password cannot be longer than 72 bytes, truncate manually if necessary (e.g. my_password[:72])')>

    @functools.wraps(fixture)
    def _async_fixture_wrapper(request: FixtureRequest, **kwargs: Any):
        func = _perhaps_rebind_fixture_func(fixture, request.instance)
        event_loop_fixture_id = _get_event_loop_fixture_id_for_async_fixture(
            request, func
        )
        event_loop = request.getfixturevalue(event_loop_fixture_id)
        kwargs.pop(event_loop_fixture_id, None)
    
        async def setup():
            res = await func(**_add_kwargs(func, kwargs, event_loop, request))
            return res
    
        context = contextvars.copy_context()
        setup_task = _create_task_in_context(event_loop, setup(), context)
>       result = event_loop.run_until_complete(setup_task)

venv\Lib\site-packages\pytest_asyncio\plugin.py:375: 
_ _ _ _ _ _ _ _ _ _ _ _ _ _ _ _ _ _ _ _ _ _ _ _ _ _ _ _ _ _ _ _ _ _ _ _ _ _ _ _
C:\Python312\Lib\asyncio\base_events.py:691: in run_until_complete
    return future.result()
venv\Lib\site-packages\pytest_asyncio\plugin.py:370: in setup
    res = await func(**_add_kwargs(func, kwargs, event_loop, request))
tests\conftest.py:100: in test_user
    password_hash=hash_password("testpassword123"),
app\core\security.py:22: in hash_password
    return pwd_context.hash(password)
venv\Lib\site-packages\passlib\context.py:2258: in hash
    return record.hash(secret, **kwds)
venv\Lib\site-packages\passlib\utils\handlers.py:779: in hash
    self.checksum = self._calc_checksum(secret)
venv\Lib\site-packages\passlib\handlers\bcrypt.py:591: in _calc_checksum
    self._stub_requires_backend()
venv\Lib\site-packages\passlib\utils\handlers.py:2254: in _stub_requires_backend
    cls.set_backend()
venv\Lib\site-packages\passlib\utils\handlers.py:2156: in set_backend
    return owner.set_backend(name, dryrun=dryrun)
venv\Lib\site-packages\passlib\utils\handlers.py:2163: in set_backend
    return cls.set_backend(name, dryrun=dryrun)
venv\Lib\site-packages\passlib\utils\handlers.py:2188: in set_backend
    cls._set_backend(name, dryrun)
venv\Lib\site-packages\passlib\utils\handlers.py:2311: in _set_backend
    super(SubclassBackendMixin, cls)._set_backend(name, dryrun)
venv\Lib\site-packages\passlib\utils\handlers.py:2224: in _set_backend
    ok = loader(**kwds)
venv\Lib\site-packages\passlib\handlers\bcrypt.py:626: in _load_backend_mixin
    return mixin_cls._finalize_backend_mixin(name, dryrun)
venv\Lib\site-packages\passlib\handlers\bcrypt.py:421: in _finalize_backend_mixin
    if detect_wrap_bug(IDENT_2A):
venv\Lib\site-packages\passlib\handlers\bcrypt.py:380: in detect_wrap_bug
    if verify(secret, bug_hash):
venv\Lib\site-packages\passlib\utils\handlers.py:792: in verify
    return consteq(self._calc_checksum(secret), chk)
_ _ _ _ _ _ _ _ _ _ _ _ _ _ _ _ _ _ _ _ _ _ _ _ _ _ _ _ _ _ _ _ _ _ _ _ _ _ _ _

self = <passlib.handlers.bcrypt._BcryptBackend object at 0x000001B3430D76B0>
secret = b'01234567890123456789012345678901234567890123456789012345678901234567890123456789012345678901234567890123456789012345...7890123456789012345678901234567890123456789012345678901234567890123456789012345678901234567890123456789012345678901234'

    def _calc_checksum(self, secret):
        # bcrypt behavior:
        #   secret must be bytes
        #   config must be ascii bytes
        #   returns ascii bytes
        secret, ident = self._prepare_digest_args(secret)
        config = self._get_config(ident)
        if isinstance(config, unicode):
            config = config.encode("ascii")
>       hash = _bcrypt.hashpw(secret, config)
E       ValueError: password cannot be longer than 72 bytes, truncate manually if necessary (e.g. my_password[:72])

venv\Lib\site-packages\passlib\handlers\bcrypt.py:655: ValueError
----------------------------- Captured log setup ------------------------------
WARNING  passlib.handlers.bcrypt:bcrypt.py:622 (trapped) error reading bcrypt version
Traceback (most recent call last):
  File "C:\Users\wilme\Documents\WILL\ANTIGRAVITY-IA\BotForget\BotForge\backend\venv\Lib\site-packages\passlib\handlers\bcrypt.py", line 620, in _load_backend_mixin
    version = _bcrypt.__about__.__version__
              ^^^^^^^^^^^^^^^^^
AttributeError: module 'bcrypt' has no attribute '__about__'
___________________ ERROR at setup of test_list_strategies ____________________

request = <SubRequest 'test_user' for <Coroutine test_list_strategies>>
kwargs = {'db_session': <sqlalchemy.ext.asyncio.session.AsyncSession object at 0x000001B3430EC9B0>}
event_loop_fixture_id = 'event_loop'
setup = <function _wrap_async_fixture.<locals>._async_fixture_wrapper.<locals>.setup at 0x000001B3433413A0>
context = <_contextvars.Context object at 0x000001B3407EB680>
setup_task = <Task finished name='Task-151' coro=<_wrap_async_fixture.<locals>._async_fixture_wrapper.<locals>.setup() done, define...xception=ValueError('password cannot be longer than 72 bytes, truncate manually if necessary (e.g. my_password[:72])')>

    @functools.wraps(fixture)
    def _async_fixture_wrapper(request: FixtureRequest, **kwargs: Any):
        func = _perhaps_rebind_fixture_func(fixture, request.instance)
        event_loop_fixture_id = _get_event_loop_fixture_id_for_async_fixture(
            request, func
        )
        event_loop = request.getfixturevalue(event_loop_fixture_id)
        kwargs.pop(event_loop_fixture_id, None)
    
        async def setup():
            res = await func(**_add_kwargs(func, kwargs, event_loop, request))
            return res
    
        context = contextvars.copy_context()
        setup_task = _create_task_in_context(event_loop, setup(), context)
>       result = event_loop.run_until_complete(setup_task)

venv\Lib\site-packages\pytest_asyncio\plugin.py:375: 
_ _ _ _ _ _ _ _ _ _ _ _ _ _ _ _ _ _ _ _ _ _ _ _ _ _ _ _ _ _ _ _ _ _ _ _ _ _ _ _
C:\Python312\Lib\asyncio\base_events.py:691: in run_until_complete
    return future.result()
venv\Lib\site-packages\pytest_asyncio\plugin.py:370: in setup
    res = await func(**_add_kwargs(func, kwargs, event_loop, request))
tests\conftest.py:100: in test_user
    password_hash=hash_password("testpassword123"),
app\core\security.py:22: in hash_password
    return pwd_context.hash(password)
venv\Lib\site-packages\passlib\context.py:2258: in hash
    return record.hash(secret, **kwds)
venv\Lib\site-packages\passlib\utils\handlers.py:779: in hash
    self.checksum = self._calc_checksum(secret)
venv\Lib\site-packages\passlib\handlers\bcrypt.py:591: in _calc_checksum
    self._stub_requires_backend()
venv\Lib\site-packages\passlib\utils\handlers.py:2254: in _stub_requires_backend
    cls.set_backend()
venv\Lib\site-packages\passlib\utils\handlers.py:2156: in set_backend
    return owner.set_backend(name, dryrun=dryrun)
venv\Lib\site-packages\passlib\utils\handlers.py:2163: in set_backend
    return cls.set_backend(name, dryrun=dryrun)
venv\Lib\site-packages\passlib\utils\handlers.py:2188: in set_backend
    cls._set_backend(name, dryrun)
venv\Lib\site-packages\passlib\utils\handlers.py:2311: in _set_backend
    super(SubclassBackendMixin, cls)._set_backend(name, dryrun)
venv\Lib\site-packages\passlib\utils\handlers.py:2224: in _set_backend
    ok = loader(**kwds)
venv\Lib\site-packages\passlib\handlers\bcrypt.py:626: in _load_backend_mixin
    return mixin_cls._finalize_backend_mixin(name, dryrun)
venv\Lib\site-packages\passlib\handlers\bcrypt.py:421: in _finalize_backend_mixin
    if detect_wrap_bug(IDENT_2A):
venv\Lib\site-packages\passlib\handlers\bcrypt.py:380: in detect_wrap_bug
    if verify(secret, bug_hash):
venv\Lib\site-packages\passlib\utils\handlers.py:792: in verify
    return consteq(self._calc_checksum(secret), chk)
_ _ _ _ _ _ _ _ _ _ _ _ _ _ _ _ _ _ _ _ _ _ _ _ _ _ _ _ _ _ _ _ _ _ _ _ _ _ _ _

self = <passlib.handlers.bcrypt._BcryptBackend object at 0x000001B3430EF050>
secret = b'01234567890123456789012345678901234567890123456789012345678901234567890123456789012345678901234567890123456789012345...7890123456789012345678901234567890123456789012345678901234567890123456789012345678901234567890123456789012345678901234'

    def _calc_checksum(self, secret):
        # bcrypt behavior:
        #   secret must be bytes
        #   config must be ascii bytes
        #   returns ascii bytes
        secret, ident = self._prepare_digest_args(secret)
        config = self._get_config(ident)
        if isinstance(config, unicode):
            config = config.encode("ascii")
>       hash = _bcrypt.hashpw(secret, config)
E       ValueError: password cannot be longer than 72 bytes, truncate manually if necessary (e.g. my_password[:72])

venv\Lib\site-packages\passlib\handlers\bcrypt.py:655: ValueError
----------------------------- Captured log setup ------------------------------
WARNING  passlib.handlers.bcrypt:bcrypt.py:622 (trapped) error reading bcrypt version
Traceback (most recent call last):
  File "C:\Users\wilme\Documents\WILL\ANTIGRAVITY-IA\BotForget\BotForge\backend\venv\Lib\site-packages\passlib\handlers\bcrypt.py", line 620, in _load_backend_mixin
    version = _bcrypt.__about__.__version__
              ^^^^^^^^^^^^^^^^^
AttributeError: module 'bcrypt' has no attribute '__about__'
________________ ERROR at setup of test_get_strategy_not_found ________________

request = <SubRequest 'test_user' for <Coroutine test_get_strategy_not_found>>
kwargs = {'db_session': <sqlalchemy.ext.asyncio.session.AsyncSession object at 0x000001B3430ECBC0>}
event_loop_fixture_id = 'event_loop'
setup = <function _wrap_async_fixture.<locals>._async_fixture_wrapper.<locals>.setup at 0x000001B3433427A0>
context = <_contextvars.Context object at 0x000001B343066E80>
setup_task = <Task finished name='Task-161' coro=<_wrap_async_fixture.<locals>._async_fixture_wrapper.<locals>.setup() done, define...xception=ValueError('password cannot be longer than 72 bytes, truncate manually if necessary (e.g. my_password[:72])')>

    @functools.wraps(fixture)
    def _async_fixture_wrapper(request: FixtureRequest, **kwargs: Any):
        func = _perhaps_rebind_fixture_func(fixture, request.instance)
        event_loop_fixture_id = _get_event_loop_fixture_id_for_async_fixture(
            request, func
        )
        event_loop = request.getfixturevalue(event_loop_fixture_id)
        kwargs.pop(event_loop_fixture_id, None)
    
        async def setup():
            res = await func(**_add_kwargs(func, kwargs, event_loop, request))
            return res
    
        context = contextvars.copy_context()
        setup_task = _create_task_in_context(event_loop, setup(), context)
>       result = event_loop.run_until_complete(setup_task)

venv\Lib\site-packages\pytest_asyncio\plugin.py:375: 
_ _ _ _ _ _ _ _ _ _ _ _ _ _ _ _ _ _ _ _ _ _ _ _ _ _ _ _ _ _ _ _ _ _ _ _ _ _ _ _
C:\Python312\Lib\asyncio\base_events.py:691: in run_until_complete
    return future.result()
venv\Lib\site-packages\pytest_asyncio\plugin.py:370: in setup
    res = await func(**_add_kwargs(func, kwargs, event_loop, request))
tests\conftest.py:100: in test_user
    password_hash=hash_password("testpassword123"),
app\core\security.py:22: in hash_password
    return pwd_context.hash(password)
venv\Lib\site-packages\passlib\context.py:2258: in hash
    return record.hash(secret, **kwds)
venv\Lib\site-packages\passlib\utils\handlers.py:779: in hash
    self.checksum = self._calc_checksum(secret)
venv\Lib\site-packages\passlib\handlers\bcrypt.py:591: in _calc_checksum
    self._stub_requires_backend()
venv\Lib\site-packages\passlib\utils\handlers.py:2254: in _stub_requires_backend
    cls.set_backend()
venv\Lib\site-packages\passlib\utils\handlers.py:2156: in set_backend
    return owner.set_backend(name, dryrun=dryrun)
venv\Lib\site-packages\passlib\utils\handlers.py:2163: in set_backend
    return cls.set_backend(name, dryrun=dryrun)
venv\Lib\site-packages\passlib\utils\handlers.py:2188: in set_backend
    cls._set_backend(name, dryrun)
venv\Lib\site-packages\passlib\utils\handlers.py:2311: in _set_backend
    super(SubclassBackendMixin, cls)._set_backend(name, dryrun)
venv\Lib\site-packages\passlib\utils\handlers.py:2224: in _set_backend
    ok = loader(**kwds)
venv\Lib\site-packages\passlib\handlers\bcrypt.py:626: in _load_backend_mixin
    return mixin_cls._finalize_backend_mixin(name, dryrun)
venv\Lib\site-packages\passlib\handlers\bcrypt.py:421: in _finalize_backend_mixin
    if detect_wrap_bug(IDENT_2A):
venv\Lib\site-packages\passlib\handlers\bcrypt.py:380: in detect_wrap_bug
    if verify(secret, bug_hash):
venv\Lib\site-packages\passlib\utils\handlers.py:792: in verify
    return consteq(self._calc_checksum(secret), chk)
_ _ _ _ _ _ _ _ _ _ _ _ _ _ _ _ _ _ _ _ _ _ _ _ _ _ _ _ _ _ _ _ _ _ _ _ _ _ _ _

self = <passlib.handlers.bcrypt._BcryptBackend object at 0x000001B3430D47D0>
secret = b'01234567890123456789012345678901234567890123456789012345678901234567890123456789012345678901234567890123456789012345...7890123456789012345678901234567890123456789012345678901234567890123456789012345678901234567890123456789012345678901234'

    def _calc_checksum(self, secret):
        # bcrypt behavior:
        #   secret must be bytes
        #   config must be ascii bytes
        #   returns ascii bytes
        secret, ident = self._prepare_digest_args(secret)
        config = self._get_config(ident)
        if isinstance(config, unicode):
            config = config.encode("ascii")
>       hash = _bcrypt.hashpw(secret, config)
E       ValueError: password cannot be longer than 72 bytes, truncate manually if necessary (e.g. my_password[:72])

venv\Lib\site-packages\passlib\handlers\bcrypt.py:655: ValueError
----------------------------- Captured log setup ------------------------------
WARNING  passlib.handlers.bcrypt:bcrypt.py:622 (trapped) error reading bcrypt version
Traceback (most recent call last):
  File "C:\Users\wilme\Documents\WILL\ANTIGRAVITY-IA\BotForget\BotForge\backend\venv\Lib\site-packages\passlib\handlers\bcrypt.py", line 620, in _load_backend_mixin
    version = _bcrypt.__about__.__version__
              ^^^^^^^^^^^^^^^^^
AttributeError: module 'bcrypt' has no attribute '__about__'
___________________ ERROR at setup of test_delete_strategy ____________________

request = <SubRequest 'test_user' for <Coroutine test_delete_strategy>>
kwargs = {'db_session': <sqlalchemy.ext.asyncio.session.AsyncSession object at 0x000001B3430ECCB0>}
event_loop_fixture_id = 'event_loop'
setup = <function _wrap_async_fixture.<locals>._async_fixture_wrapper.<locals>.setup at 0x000001B343340220>
context = <_contextvars.Context object at 0x000001B3407EB680>
setup_task = <Task finished name='Task-171' coro=<_wrap_async_fixture.<locals>._async_fixture_wrapper.<locals>.setup() done, define...xception=ValueError('password cannot be longer than 72 bytes, truncate manually if necessary (e.g. my_password[:72])')>

    @functools.wraps(fixture)
    def _async_fixture_wrapper(request: FixtureRequest, **kwargs: Any):
        func = _perhaps_rebind_fixture_func(fixture, request.instance)
        event_loop_fixture_id = _get_event_loop_fixture_id_for_async_fixture(
            request, func
        )
        event_loop = request.getfixturevalue(event_loop_fixture_id)
        kwargs.pop(event_loop_fixture_id, None)
    
        async def setup():
            res = await func(**_add_kwargs(func, kwargs, event_loop, request))
            return res
    
        context = contextvars.copy_context()
        setup_task = _create_task_in_context(event_loop, setup(), context)
>       result = event_loop.run_until_complete(setup_task)

venv\Lib\site-packages\pytest_asyncio\plugin.py:375: 
_ _ _ _ _ _ _ _ _ _ _ _ _ _ _ _ _ _ _ _ _ _ _ _ _ _ _ _ _ _ _ _ _ _ _ _ _ _ _ _
C:\Python312\Lib\asyncio\base_events.py:691: in run_until_complete
    return future.result()
venv\Lib\site-packages\pytest_asyncio\plugin.py:370: in setup
    res = await func(**_add_kwargs(func, kwargs, event_loop, request))
tests\conftest.py:100: in test_user
    password_hash=hash_password("testpassword123"),
app\core\security.py:22: in hash_password
    return pwd_context.hash(password)
venv\Lib\site-packages\passlib\context.py:2258: in hash
    return record.hash(secret, **kwds)
venv\Lib\site-packages\passlib\utils\handlers.py:779: in hash
    self.checksum = self._calc_checksum(secret)
venv\Lib\site-packages\passlib\handlers\bcrypt.py:591: in _calc_checksum
    self._stub_requires_backend()
venv\Lib\site-packages\passlib\utils\handlers.py:2254: in _stub_requires_backend
    cls.set_backend()
venv\Lib\site-packages\passlib\utils\handlers.py:2156: in set_backend
    return owner.set_backend(name, dryrun=dryrun)
venv\Lib\site-packages\passlib\utils\handlers.py:2163: in set_backend
    return cls.set_backend(name, dryrun=dryrun)
venv\Lib\site-packages\passlib\utils\handlers.py:2188: in set_backend
    cls._set_backend(name, dryrun)
venv\Lib\site-packages\passlib\utils\handlers.py:2311: in _set_backend
    super(SubclassBackendMixin, cls)._set_backend(name, dryrun)
venv\Lib\site-packages\passlib\utils\handlers.py:2224: in _set_backend
    ok = loader(**kwds)
venv\Lib\site-packages\passlib\handlers\bcrypt.py:626: in _load_backend_mixin
    return mixin_cls._finalize_backend_mixin(name, dryrun)
venv\Lib\site-packages\passlib\handlers\bcrypt.py:421: in _finalize_backend_mixin
    if detect_wrap_bug(IDENT_2A):
venv\Lib\site-packages\passlib\handlers\bcrypt.py:380: in detect_wrap_bug
    if verify(secret, bug_hash):
venv\Lib\site-packages\passlib\utils\handlers.py:792: in verify
    return consteq(self._calc_checksum(secret), chk)
_ _ _ _ _ _ _ _ _ _ _ _ _ _ _ _ _ _ _ _ _ _ _ _ _ _ _ _ _ _ _ _ _ _ _ _ _ _ _ _

self = <passlib.handlers.bcrypt._BcryptBackend object at 0x000001B3430EEE40>
secret = b'01234567890123456789012345678901234567890123456789012345678901234567890123456789012345678901234567890123456789012345...7890123456789012345678901234567890123456789012345678901234567890123456789012345678901234567890123456789012345678901234'

    def _calc_checksum(self, secret):
        # bcrypt behavior:
        #   secret must be bytes
        #   config must be ascii bytes
        #   returns ascii bytes
        secret, ident = self._prepare_digest_args(secret)
        config = self._get_config(ident)
        if isinstance(config, unicode):
            config = config.encode("ascii")
>       hash = _bcrypt.hashpw(secret, config)
E       ValueError: password cannot be longer than 72 bytes, truncate manually if necessary (e.g. my_password[:72])

venv\Lib\site-packages\passlib\handlers\bcrypt.py:655: ValueError
----------------------------- Captured log setup ------------------------------
WARNING  passlib.handlers.bcrypt:bcrypt.py:622 (trapped) error reading bcrypt version
Traceback (most recent call last):
  File "C:\Users\wilme\Documents\WILL\ANTIGRAVITY-IA\BotForget\BotForge\backend\venv\Lib\site-packages\passlib\handlers\bcrypt.py", line 620, in _load_backend_mixin
    version = _bcrypt.__about__.__version__
              ^^^^^^^^^^^^^^^^^
AttributeError: module 'bcrypt' has no attribute '__about__'
================================== FAILURES ===================================
____________________________ test_register_success ____________________________

client = <httpx.AsyncClient object at 0x000001B3430EE4B0>

    @pytest.mark.asyncio
    async def test_register_success(client: AsyncClient):
        """Register a new user and receive tokens."""
        response = await client.post(
            "/api/v1/auth/register",
            json={
                "email": "nuevo@botforge.com",
                "password": "securepass123",
                "full_name": "Nuevo Usuario",
            },
        )
>       assert response.status_code == 201
E       assert 409 == 201
E        +  where 409 = <Response [409 Conflict]>.status_code

tests\test_auth.py:20: AssertionError
------------------------------ Captured log call ------------------------------
WARNING  passlib.handlers.bcrypt:bcrypt.py:622 (trapped) error reading bcrypt version
Traceback (most recent call last):
  File "C:\Users\wilme\Documents\WILL\ANTIGRAVITY-IA\BotForget\BotForge\backend\venv\Lib\site-packages\passlib\handlers\bcrypt.py", line 620, in _load_backend_mixin
    version = _bcrypt.__about__.__version__
              ^^^^^^^^^^^^^^^^^
AttributeError: module 'bcrypt' has no attribute '__about__'
_____________________________ test_login_success ______________________________

client = <httpx.AsyncClient object at 0x000001B3430EC170>

    @pytest.mark.asyncio
    async def test_login_success(client: AsyncClient):
        """Login with valid credentials returns tokens."""
        # First register
        await client.post(
            "/api/v1/auth/register",
            json={"email": "login@botforge.com", "password": "securepass123"},
        )
        # Then login
        response = await client.post(
            "/api/v1/auth/login",
            json={"email": "login@botforge.com", "password": "securepass123"},
        )
>       assert response.status_code == 200
E       assert 401 == 200
E        +  where 401 = <Response [401 Unauthorized]>.status_code

tests\test_auth.py:52: AssertionError
------------------------------ Captured log call ------------------------------
WARNING  passlib.handlers.bcrypt:bcrypt.py:622 (trapped) error reading bcrypt version
Traceback (most recent call last):
  File "C:\Users\wilme\Documents\WILL\ANTIGRAVITY-IA\BotForget\BotForge\backend\venv\Lib\site-packages\passlib\handlers\bcrypt.py", line 620, in _load_backend_mixin
    version = _bcrypt.__about__.__version__
              ^^^^^^^^^^^^^^^^^
AttributeError: module 'bcrypt' has no attribute '__about__'
_____________________________ test_refresh_token ______________________________

client = <httpx.AsyncClient object at 0x000001B3430EC9B0>

    @pytest.mark.asyncio
    async def test_refresh_token(client: AsyncClient):
        """Refresh token returns new token pair."""
        reg = await client.post(
            "/api/v1/auth/register",
            json={"email": "refresh@botforge.com", "password": "securepass123"},
        )
>       refresh = reg.json()["refresh_token"]
E       KeyError: 'refresh_token'

tests\test_auth.py:78: KeyError
------------------------------ Captured log call ------------------------------
WARNING  passlib.handlers.bcrypt:bcrypt.py:622 (trapped) error reading bcrypt version
Traceback (most recent call last):
  File "C:\Users\wilme\Documents\WILL\ANTIGRAVITY-IA\BotForget\BotForge\backend\venv\Lib\site-packages\passlib\handlers\bcrypt.py", line 620, in _load_backend_mixin
    version = _bcrypt.__about__.__version__
              ^^^^^^^^^^^^^^^^^
AttributeError: module 'bcrypt' has no attribute '__about__'
______________________ TestDCASimulation.test_empty_data ______________________

self = <tests.test_simulation_engine.TestDCASimulation object at 0x000001B34308C680>

    def test_empty_data(self):
        """Empty OHLCV data raises ValueError."""
        with pytest.raises(ValueError, match="No data"):
>           run_simulation(
                ohlcv_data=[],
                strategy_type="dca",
                strategy_params={"buy_amount": 100, "interval_bars": 1},
            )

tests\test_simulation_engine.py:180: 
_ _ _ _ _ _ _ _ _ _ _ _ _ _ _ _ _ _ _ _ _ _ _ _ _ _ _ _ _ _ _ _ _ _ _ _ _ _ _ _
app\core\simulation_engine.py:160: in run_simulation
    df = _build_dataframe(ohlcv_data)
app\core\simulation_engine.py:40: in _build_dataframe
    df["timestamp"] = pd.to_datetime(df["timestamp"], unit="ms")
venv\Lib\site-packages\pandas\core\frame.py:4102: in __getitem__
    indexer = self.columns.get_loc(key)
_ _ _ _ _ _ _ _ _ _ _ _ _ _ _ _ _ _ _ _ _ _ _ _ _ _ _ _ _ _ _ _ _ _ _ _ _ _ _ _

self = RangeIndex(start=0, stop=0, step=1), key = 'timestamp'

    @doc(Index.get_loc)
    def get_loc(self, key) -> int:
        if is_integer(key) or (is_float(key) and key.is_integer()):
            new_key = int(key)
            try:
                return self._range.index(new_key)
            except ValueError as err:
                raise KeyError(key) from err
        if isinstance(key, Hashable):
>           raise KeyError(key)
E           KeyError: 'timestamp'

venv\Lib\site-packages\pandas\core\indexes\range.py:417: KeyError
============================== warnings summary ===============================
tests/services/test_market_data.py::test_fetch_ohlcv_success
  C:\Users\wilme\Documents\WILL\ANTIGRAVITY-IA\BotForget\BotForge\backend\venv\Lib\site-packages\pytest_asyncio\plugin.py:867: DeprecationWarning: The event_loop fixture provided by pytest-asyncio has been redefined in
  C:\Users\wilme\Documents\WILL\ANTIGRAVITY-IA\BotForget\BotForge\backend\tests\conftest.py:35
  Replacing the event_loop fixture with a custom implementation is deprecated
  and will lead to errors in the future.
  If you want to request an asyncio event loop with a scope other than function
  scope, use the "loop_scope" argument to the asyncio mark when marking the tests.
  If you want to return different types of event loops, use the event_loop_policy
  fixture.
  
    warnings.warn(

-- Docs: https://docs.pytest.org/en/stable/how-to/capture-warnings.html
=========================== short test summary info ===========================
FAILED tests/test_auth.py::test_register_success - assert 409 == 201
FAILED tests/test_auth.py::test_login_success - assert 401 == 200
FAILED tests/test_auth.py::test_refresh_token - KeyError: 'refresh_token'
FAILED tests/test_simulation_engine.py::TestDCASimulation::test_empty_data - ...
ERROR tests/test_strategies.py::test_create_strategy - ValueError: password c...
ERROR tests/test_strategies.py::test_list_strategies - ValueError: password c...
ERROR tests/test_strategies.py::test_get_strategy_not_found - ValueError: pas...
ERROR tests/test_strategies.py::test_delete_strategy - ValueError: password c...
============== 4 failed, 22 passed, 1 warning, 4 errors in 8.70s ==============
